===== SYSTEM HEALTH CHECK =====
Date & Time: Tuesday 11 November 2025 02:22:41 PM IST

=== UPTIME ===
 14:22:41 up  4:49,  1 user,  load average: 0.25, 0.40, 0.45

=== DISK USAGE ===
/dev/sda6        70G   25G   43G  37% /
/dev/loop0      128K  128K     0 100% /snap/bare/5
/dev/loop1      330M  330M     0 100% /snap/code/209
/dev/loop2       56M   56M     0 100% /snap/core18/2952
/dev/loop8       67M   67M     0 100% /snap/core24/1196
/dev/loop12     141M  141M     0 100% /snap/docker/3265
/dev/loop5       64M   64M     0 100% /snap/core20/2669
/dev/loop17     366M  366M     0 100% /snap/eclipse/124
/dev/loop15     105M  105M     0 100% /snap/core/17247
/dev/loop14      74M   74M     0 100% /snap/core22/2139
/dev/loop9       67M   67M     0 100% /snap/core24/1225
/dev/loop21     219M  219M     0 100% /snap/gnome-3-34-1804/93
/dev/loop37      51M   51M     0 100% /snap/snapd/25577
/dev/loop3      105M  105M     0 100% /snap/core/17212
/dev/loop6       56M   56M     0 100% /snap/core18/2959
/dev/loop39      51M   51M     0 100% /snap/snapd/25202
/dev/loop23     517M  517M     0 100% /snap/gnome-42-2204/202
/dev/loop22     350M  350M     0 100% /snap/gnome-3-38-2004/140
/dev/loop36      13M   13M     0 100% /snap/snap-store/1113
/dev/loop34     189M  189M     0 100% /snap/postman/206
/dev/loop35     192M  192M     0 100% /snap/postman/233
/dev/loop27      92M   92M     0 100% /snap/gtk-common-themes/1535
/dev/loop16      64M   64M     0 100% /snap/core20/2682
/dev/loop40     186M  186M     0 100% /snap/spotify/87
/dev/loop10     311M  311M     0 100% /snap/dbeaver-ce/409
/dev/loop29     172M  172M     0 100% /snap/mysql-workbench-community/15
/dev/loop7       74M   74M     0 100% /snap/core22/2133
/dev/loop38      13M   13M     0 100% /snap/snap-store/1216
/dev/loop13     312M  312M     0 100% /snap/dbeaver-ce/412
/dev/loop32     395M  395M     0 100% /snap/mesa-2404/1165
/dev/loop33     768K  768K     0 100% /snap/simple-openvpn-client/52
/dev/loop41     190M  190M     0 100% /snap/spotify/88
/dev/loop4      331M  331M     0 100% /snap/code/211
/dev/loop26     619M  619M     0 100% /snap/gnome-46-2404/125
/dev/loop25     517M  517M     0 100% /snap/gnome-42-2204/226
/dev/loop20     350M  350M     0 100% /snap/gnome-3-38-2004/143
/dev/loop18     366M  366M     0 100% /snap/eclipse/127
/dev/loop28      82M   82M     0 100% /snap/gtk-common-themes/1534
/dev/loop24     590M  590M     0 100% /snap/gnome-46-2404/117
/dev/loop11     145M  145M     0 100% /snap/docker/3064
/dev/loop19     219M  219M     0 100% /snap/gnome-3-34-1804/90
/dev/loop30     166M  166M     0 100% /snap/mysql-workbench-community/13
/dev/loop31     291M  291M     0 100% /snap/mesa-2404/912
/dev/sda5       9.3G  214M  8.6G   3% /boot
/dev/sda8       166G   21G  138G  13% /home
/dev/loop42      11M   11M     0 100% /snap/htop/5181

=== MEMORY USAGE ===
              total        used        free      shared  buff/cache   available
Mem:           15Gi       3.9Gi       6.1Gi       656Mi       5.2Gi        10Gi
Swap:          15Gi          0B        15Gi

=== TOP 5 PROCESSES BY CPU ===
    PID COMMAND         %CPU
 132068 chrome           6.0
    473 irq/29-iwlwifi   4.6
  20114 chrome           4.6
   4645 gnome-shell      2.8
  10397 chrome           2.6

=== DISK ALERT CHECK ===
âœ… Disk usage is normal (37%)
